ivandrozd@Dr0ozdik ~ %  multipass shell Ubuntu-GUI 
Welcome to Ubuntu 24.04.2 LTS (GNU/Linux 6.8.0-57-generic aarch64)

ubuntu@Ubuntu-GUI:~$ export GITHUB_USERNAME=Dr0-ozdik777
ubuntu@Ubuntu-GUI:~$ cd Dr0-ozdik777/workspace
ubuntu@Ubuntu-GUI:~/Dr0-ozdik777/workspace$ pushd .
~/Dr0-ozdik777/workspace ~/Dr0-ozdik777/workspace
ubuntu@Ubuntu-GUI:~/Dr0-ozdik777/workspace$ source scripts/activate
ubuntu@Ubuntu-GUI:~/Dr0-ozdik777/workspace$ git clone https://github.com/Dr0-ozdik777/lab02.git projects/lab03
Cloning into 'projects/lab03'...
remote: Enumerating objects: 12, done.
remote: Counting objects: 100% (12/12), done.
remote: Compressing objects: 100% (7/7), done.
remote: Total 12 (delta 1), reused 3 (delta 0), pack-reused 0 (from 0)
Receiving objects: 100% (12/12), 5.78 KiB | 739.00 KiB/s, done.
Resolving deltas: 100% (1/1), done.

ubuntu@Ubuntu-GUI:~/Dr0-ozdik777/workspace$ cd projects/lab03
ubuntu@Ubuntu-GUI:~/Dr0-ozdik777/workspace/projects/lab03$ git remote remove origin
ubuntu@Ubuntu-GUI:~/Dr0-ozdik777/workspace/projects/lab03$ git remote add origin https://github.com/Dr0-ozdik777/lab03.git
ubuntu@Ubuntu-GUI:~/Dr0-ozdik777/workspace/projects/lab03$ g++ -std=c++11 -I./include -c sources/print.cpp
cc1plus: fatal error: sources/print.cpp: No such file or directory
compilation terminated.
ubuntu@Ubuntu-GUI:~/Dr0-ozdik777/workspace/projects/lab03$ ls -R
.:
abba.gitignore  lab02_Dr0-ozdik777.txt  README.md

ubuntu@Ubuntu-GUI:~/Dr0-ozdik777/workspace/projects/lab03$ mkdir -p sources
ubuntu@Ubuntu-GUI:~/Dr0-ozdik777/workspace/projects/lab03$ nano sources/print.cpp
ubuntu@Ubuntu-GUI:~/Dr0-ozdik777/workspace/projects/lab03$ nano ~/sources/print.cpp
ubuntu@Ubuntu-GUI:~/Dr0-ozdik777/workspace/projects/lab03$ mkdir -p sources
ubuntu@Ubuntu-GUI:~/Dr0-ozdik777/workspace/projects/lab03$ nano sources/print.cpp
ubuntu@Ubuntu-GUI:~/Dr0-ozdik777/workspace$ g++ -std=c++11 -I./include -c sources/print.cpp
ubuntu@Ubuntu-GUI:~/Dr0-ozdik777/workspace$  ls print.o
print.o
ubuntu@Ubuntu-GUI:~/Dr0-ozdik777/workspace$ nm print.o | grep print
0000000000000000 T _Z5printRKNSt7__cxx1112basic_stringIcSt11char_traitsIcESaIcEEERSo
0000000000000028 T _Z5printRKNSt7__cxx1112basic_stringIcSt11char_traitsIcESaIcEEERSt14basic_ofstreamIcS2_E
ubuntu@Ubuntu-GUI:~/Dr0-ozdik777/workspace$ ar rvs print.a print.o
ar: creating print.a
a - print.o
ubuntu@Ubuntu-GUI:~/Dr0-ozdik777/workspace$ file print.a
print.a: current ar archive
ubuntu@Ubuntu-GUI:~/Dr0-ozdik777/workspace$ g++ -std=c++11 -I./include -c examples/example1.cpp
ubuntu@Ubuntu-GUI:~/Dr0-ozdik777/workspace$  ls example1.o
example1.o
ubuntu@Ubuntu-GUI:~/Dr0-ozdik777/workspace$ g++ example1.o print.a -o example1
ubuntu@Ubuntu-GUI:~/Dr0-ozdik777/workspace$ ./example1 && echo
hello
ubuntu@Ubuntu-GUI:~/Dr0-ozdik777/workspace$ g++ -std=c++11 -I./include -c examples/example2.cpp
ubuntu@Ubuntu-GUI:~/Dr0-ozdik777/workspace$ nm example2.o
0000000000000000 V DW.ref.__gxx_personality_v0
                 U __gxx_personality_v0
0000000000000000 T main
                 U __stack_chk_fail
                 U __stack_chk_guard
                 U _Unwind_Resume
                 U _Z5printRKNSt7__cxx1112basic_stringIcSt11char_traitsIcESaIcEEERSt14basic_ofstreamIcS2_E
                 U _ZNSt14basic_ofstreamIcSt11char_traitsIcEEC1EPKcSt13_Ios_Openmode
                 U _ZNSt14basic_ofstreamIcSt11char_traitsIcEED1Ev
0000000000000000 W _ZNSt15__new_allocatorIcED1Ev
0000000000000000 W _ZNSt15__new_allocatorIcED2Ev
0000000000000000 n _ZNSt15__new_allocatorIcED5Ev
                 U _ZNSt7__cxx1112basic_stringIcSt11char_traitsIcESaIcEEC1EPKcRKS3_
                 U _ZNSt7__cxx1112basic_stringIcSt11char_traitsIcESaIcEED1Ev
                 U _ZSt21ios_base_library_initv
0000000000000000 r _ZStL19piecewise_construct
ubuntu@Ubuntu-GUI:~/Dr0-ozdik777/workspace$ g++ example2.o print.a -o example2
ubuntu@Ubuntu-GUI:~/Dr0-ozdik777/workspace$  ./example2
ubuntu@Ubuntu-GUI:~/Dr0-ozdik777/workspace$ cat log.txt && echo
hello
ubuntu@Ubuntu-GUI:~/Dr0-ozdik777/workspace$ rm -rf example1.o example2.o print.o
ubuntu@Ubuntu-GUI:~/Dr0-ozdik777/workspace$ rm -rf print.a
ubuntu@Ubuntu-GUI:~/Dr0-ozdik777/workspace$ rm -rf example1 example2
ubuntu@Ubuntu-GUI:~/Dr0-ozdik777/workspace$ rm -rf log.txt
ubuntu@Ubuntu-GUI:~/Dr0-ozdik777/workspace$ cat > CMakeLists.txt <<EOF
> cmake_minimum_required(VERSION 3.4)
project(print)
EOF
ubuntu@Ubuntu-GUI:~/Dr0-ozdik777/workspace$ cat >> CMakeLists.txt <<EOF
> set(CMAKE_CXX_STANDARD 11)
set(CMAKE_CXX_STANDARD_REQUIRED ON)
EOF
ubuntu@Ubuntu-GUI:~/Dr0-ozdik777/workspace$ cat >> CMakeLists.txt <<EOF
> add_library(print STATIC \${CMAKE_CURRENT_SOURCE_DIR}/sources/print.cpp)
EOF
ubuntu@Ubuntu-GUI:~/Dr0-ozdik777/workspace$ cat >> CMakeLists.txt <<EOF
include_directories(\${CMAKE_CURRENT_SOURCE_DIR}/include)
EOF
ubuntu@Ubuntu-GUI:~/Dr0-ozdik777/workspace$ cmake -H. -B_build
Command 'cmake' not found, but can be installed with:
sudo snap install cmake  # version 4.0.2, or
sudo apt  install cmake  # version 3.27.8-1build1
See 'snap info cmake' for additional versions.

ubuntu@Ubuntu-GUI:~/Dr0-ozdik777/workspace$ sudo snap install cmake --classic
cmake 4.0.2 from Crascitâœ“ installed

ubuntu@Ubuntu-GUI:~/Dr0-ozdik777/workspace$ cmake -H. -B_build
CMake Error at CMakeLists.txt:1 (cmake_minimum_required):
  Compatibility with CMake < 3.5 has been removed from CMake.

  Update the VERSION argument <min> value.  Or, use the <min>...<max> syntax
  to tell CMake that the project requires at least <min> but has been updated
  to work with policies introduced by <max> or earlier.

  Or, add -DCMAKE_POLICY_VERSION_MINIMUM=3.5 to try configuring anyway.
-- Configuring incomplete, errors occurred!
ubuntu@Ubuntu-GUI:~/Dr0-ozdik777/workspace$ nano CMakeLists.txt

ubuntu@Ubuntu-GUI:~/Dr0-ozdik777/workspace$ cmake -H. -B_build
-- The C compiler identification is GNU 13.3.0
-- The CXX compiler identification is GNU 13.3.0
-- Detecting C compiler ABI info
-- Detecting C compiler ABI info - done
-- Check for working C compiler: /usr/bin/cc - skipped
-- Detecting C compile features
-- Detecting C compile features - done
-- Detecting CXX compiler ABI info
-- Detecting CXX compiler ABI info - done
-- Check for working CXX compiler: /usr/bin/c++ - skipped
-- Detecting CXX compile features
-- Detecting CXX compile features - done
-- Configuring done (0.3s)
-- Generating done (0.0s)
-- Build files have been written to: /home/ubuntu/Dr0-ozdik777/workspace/_build
ubuntu@Ubuntu-GUI:~/Dr0-ozdik777/workspace$ cmake --build _build
[ 50%] Building CXX object CMakeFiles/print.dir/sources/print.cpp.o
[100%] Linking CXX static library libprint.a
[100%] Built target print
ubuntu@Ubuntu-GUI:~/Dr0-ozdik777/workspace$ cat >> CMakeLists.txt <<EOF

add_executable(example1 \${CMAKE_CURRENT_SOURCE_DIR}/examples/example1.cpp)
add_executable(example2 \${CMAKE_CURRENT_SOURCE_DIR}/examples/example2.cpp)
EOF
ubuntu@Ubuntu-GUI:~/Dr0-ozdik777/workspace$ cat >> CMakeLists.txt <<EOF

target_link_libraries(example1 print)
target_link_libraries(example2 print)
EOF
ubuntu@Ubuntu-GUI:~/Dr0-ozdik777/workspace$ cmake --build _build
-- Configuring done (0.0s)
-- Generating done (0.0s)
-- Build files have been written to: /home/ubuntu/Dr0-ozdik777/workspace/_build
[ 33%] Built target print
[ 50%] Building CXX object CMakeFiles/example1.dir/examples/example1.cpp.o
[ 66%] Linking CXX executable example1
[ 66%] Built target example1
[ 83%] Building CXX object CMakeFiles/example2.dir/examples/example2.cpp.o
[100%] Linking CXX executable example2
[100%] Built target example2
ubuntu@Ubuntu-GUI:~/Dr0-ozdik777/workspace$ cmake --build _build --target print
[100%] Built target print
ubuntu@Ubuntu-GUI:~/Dr0-ozdik777/workspace$ cmake --build _build --target example1
[ 50%] Built target print
[100%] Built target example1
ubuntu@Ubuntu-GUI:~/Dr0-ozdik777/workspace$ cmake --build _build --target example2
[ 50%] Built target print
[100%] Built target example2
ubuntu@Ubuntu-GUI:~/Dr0-ozdik777/workspace$ ls -la _build/libprint.a
-rw-rw-r-- 1 ubuntu ubuntu 2342 May 19 17:55 _build/libprint.a
ubuntu@Ubuntu-GUI:~/Dr0-ozdik777/workspace$ _build/example1 && echo
hello
ubuntu@Ubuntu-GUI:~/Dr0-ozdik777/workspace$ _build/example2
ubuntu@Ubuntu-GUI:~/Dr0-ozdik777/workspace$ cat log.txt && echo
hello
ubuntu@Ubuntu-GUI:~/Dr0-ozdik777/workspace$ rm -rf log.txt
ubuntu@Ubuntu-GUI:~/Dr0-ozdik777/workspace$ git clone https://github.com/tp-labs/lab03 tmp
Cloning into 'tmp'...
remote: Enumerating objects: 91, done.
remote: Counting objects: 100% (30/30), done.
remote: Compressing objects: 100% (9/9), done.
remote: Total 91 (delta 23), reused 21 (delta 21), pack-reused 61 (from 1)
Receiving objects: 100% (91/91), 1.02 MiB | 3.24 MiB/s, done.
Resolving deltas: 100% (41/41), done.
ubuntu@Ubuntu-GUI:~/Dr0-ozdik777/workspace$ mv -f tmp/CMakeLists.txt .
ubuntu@Ubuntu-GUI:~/Dr0-ozdik777/workspace$ rm -rf tmp
ubuntu@Ubuntu-GUI:~/Dr0-ozdik777/workspace$ cat CMakeLists.txt
cmake_minimum_required(VERSION 3.4)

set(CMAKE_CXX_STANDARD 11)
set(CMAKE_CXX_STANDARD_REQUIRED ON)

option(BUILD_EXAMPLES "Build examples" OFF)

project(print)

add_library(print STATIC ${CMAKE_CURRENT_SOURCE_DIR}/sources/print.cpp)

target_include_directories(print PUBLIC
  $<BUILD_INTERFACE:${CMAKE_CURRENT_SOURCE_DIR}/include>
  $<INSTALL_INTERFACE:include>
)

if(BUILD_EXAMPLES)
  file(GLOB EXAMPLE_SOURCES "${CMAKE_CURRENT_SOURCE_DIR}/examples/*.cpp")
  foreach(EXAMPLE_SOURCE ${EXAMPLE_SOURCES})
    get_filename_component(EXAMPLE_NAME ${EXAMPLE_SOURCE} NAME_WE)
    add_executable(${EXAMPLE_NAME} ${EXAMPLE_SOURCE})
    target_link_libraries(${EXAMPLE_NAME} print)
    install(TARGETS ${EXAMPLE_NAME}
      RUNTIME DESTINATION bin
    )
  endforeach(EXAMPLE_SOURCE ${EXAMPLE_SOURCES})
endif()

install(TARGETS print
    EXPORT print-config
    ARCHIVE DESTINATION lib
    LIBRARY DESTINATION lib
)

install(DIRECTORY ${CMAKE_CURRENT_SOURCE_DIR}/include/ DESTINATION include)
install(EXPORT print-config DESTINATION cmake)
ubuntu@Ubuntu-GUI:~/Dr0-ozdik777/workspace$ cmake -H. -B_build -DCMAKE_INSTALL_PREFIX=_install
CMake Error at CMakeLists.txt:1 (cmake_minimum_required):
  Compatibility with CMake < 3.5 has been removed from CMake.

  Update the VERSION argument <min> value.  Or, use the <min>...<max> syntax
  to tell CMake that the project requires at least <min> but has been updated
  to work with policies introduced by <max> or earlier.

  Or, add -DCMAKE_POLICY_VERSION_MINIMUM=3.5 to try configuring anyway.


-- Configuring incomplete, errors occurred!
ubuntu@Ubuntu-GUI:~/Dr0-ozdik777/workspace$ nano CMakeLists.txt
ubuntu@Ubuntu-GUI:~/Dr0-ozdik777/workspace$ cat CMakeLists.txt
cmake_minimum_required(VERSION 3.16)

set(CMAKE_CXX_STANDARD 11)
set(CMAKE_CXX_STANDARD_REQUIRED ON)

option(BUILD_EXAMPLES "Build examples" OFF)

project(print)

add_library(print STATIC ${CMAKE_CURRENT_SOURCE_DIR}/sources/print.cpp)

target_include_directories(print PUBLIC
  $<BUILD_INTERFACE:${CMAKE_CURRENT_SOURCE_DIR}/include>
  $<INSTALL_INTERFACE:include>
)

if(BUILD_EXAMPLES)
  file(GLOB EXAMPLE_SOURCES "${CMAKE_CURRENT_SOURCE_DIR}/examples/*.cpp")
  foreach(EXAMPLE_SOURCE ${EXAMPLE_SOURCES})
    get_filename_component(EXAMPLE_NAME ${EXAMPLE_SOURCE} NAME_WE)
    add_executable(${EXAMPLE_NAME} ${EXAMPLE_SOURCE})
    target_link_libraries(${EXAMPLE_NAME} print)
    install(TARGETS ${EXAMPLE_NAME}
      RUNTIME DESTINATION bin
    )
  endforeach(EXAMPLE_SOURCE ${EXAMPLE_SOURCES})
endif()

install(TARGETS print
    EXPORT print-config
    ARCHIVE DESTINATION lib
    LIBRARY DESTINATION lib
)

install(DIRECTORY ${CMAKE_CURRENT_SOURCE_DIR}/include/ DESTINATION include)
install(EXPORT print-config DESTINATION cmake)
ubuntu@Ubuntu-GUI:~/Dr0-ozdik777/workspace$ cmake -H. -B_build -DCMAKE_INSTALL_PREFIX=_install
-- Configuring done (0.0s)
-- Generating done (0.0s)
-- Build files have been written to: /home/ubuntu/Dr0-ozdik777/workspace/_build
ubuntu@Ubuntu-GUI:~/Dr0-ozdik777/workspace$ cmake --build _build --target install
[100%] Built target print
Install the project...
-- Install configuration: ""
-- Installing: /home/ubuntu/Dr0-ozdik777/workspace/_install/lib/libprint.a
-- Installing: /home/ubuntu/Dr0-ozdik777/workspace/_install/include
-- Installing: /home/ubuntu/Dr0-ozdik777/workspace/_install/include/print.hpp
-- Installing: /home/ubuntu/Dr0-ozdik777/workspace/_install/cmake/print-config.cmake
-- Installing: /home/ubuntu/Dr0-ozdik777/workspace/_install/cmake/print-config-noconfig.cmake
ubuntu@Ubuntu-GUI:~/Dr0-ozdik777/workspace$ tree _install
Command 'tree' not found, but can be installed with:
sudo snap install tree  # version 2.1.3+pkg-5852, or
sudo apt  install tree  # version 2.1.1-2
See 'snap info tree' for additional versions.
ubuntu@Ubuntu-GUI:~/Dr0-ozdik777/workspace$ sudo apt install tree
Reading package lists... Done
Building dependency tree... Done
Reading state information... Done
The following NEW packages will be installed:
  tree
0 upgraded, 1 newly installed, 0 to remove and 83 not upgraded.
Need to get 46.0 kB of archives.
After this operation, 160 kB of additional disk space will be used.
Get:1 http://ports.ubuntu.com/ubuntu-ports noble/universe arm64 tree arm64 2.1.1-2ubuntu3 [46.0 kB]
Fetched 46.0 kB in 4s (12.2 kB/s)                   
Selecting previously unselected package tree.
(Reading database ... 199767 files and directories currently installed.)
Preparing to unpack .../tree_2.1.1-2ubuntu3_arm64.deb ...
Unpacking tree (2.1.1-2ubuntu3) ...
Setting up tree (2.1.1-2ubuntu3) ...
Processing triggers for man-db (2.12.0-4build2) ...
Scanning processes...                                                                                 
Scanning linux images...                                                                              

Running kernel seems to be up-to-date.

No services need to be restarted.

No containers need to be restarted.

No user sessions are running outdated binaries.

No VM guests are running outdated hypervisor (qemu) binaries on this host.
ubuntu@Ubuntu-GUI:~/Dr0-ozdik777/workspace$ tree _install
_install
â”œâ”€â”€ cmake
â”‚Â Â  â”œâ”€â”€ print-config.cmake
â”‚Â Â  â””â”€â”€ print-config-noconfig.cmake
â”œâ”€â”€ include
â”‚Â Â  â””â”€â”€ print.hpp
â””â”€â”€ lib
    â””â”€â”€ libprint.a

4 directories, 4 files

ubuntu@Ubuntu-GUI:~/Dr0-ozdik777/workspace$ git add CMakeLists.txt
ubuntu@Ubuntu-GUI:~/Dr0-ozdik777/workspace$ git commit -m"added CMakeLists.txt"
[master 6dab098] added CMakeLists.txt
 1 file changed, 36 insertions(+)
 create mode 100644 CMakeLists.txt
ubuntu@Ubuntu-GUI:~/Dr0-ozdik777/workspace$ git push origin master
Username for 'https://github.com': Dr0-ozdik777
Password for 'https://Dr0-ozdik777@github.com': 
Enumerating objects: 4, done.
Counting objects: 100% (4/4), done.
Delta compression using up to 4 threads
Compressing objects: 100% (3/3), done.
Writing objects: 100% (3/3), 763 bytes | 763.00 KiB/s, done.
Total 3 (delta 0), reused 0 (delta 0), pack-reused 0
To https://github.com/Dr0-ozdik777/lab02.git
   feea3b1..6dab098  master -> master
